<testsuite name="Django Project Tests" errors="0" failures="0" skips="0" tests="11" time="0.165"><testcase time="0.019631" classname="catalog.tests.IndexPageTestCase" name="test_indexpage_contains_correct_html" /><testcase time="0.000000" classname="catalog.tests.IndexPageTestCase" name="test_indexpage_does_not_contains_incorrect_html" /><testcase time="0.000000" classname="catalog.tests.IndexPageTestCase" name="test_indexpage_status_code" /><testcase time="0.000000" classname="catalog.tests.IndexPageTestCase" name="test_indexpage_template" /><testcase time="0.000000" classname="catalog.tests.ListPageTestCase" name="test_listpage_contains_correct_html" /><testcase time="0.000000" classname="catalog.tests.ListPageTestCase" name="test_listpage_does_not_contains_incorrect_html" /><testcase time="0.000000" classname="catalog.tests.ListPageTestCase" name="test_listpage_status_code" /><testcase time="0.000000" classname="catalog.tests.ListPageTestCase" name="test_listpage_template" /><testcase time="0.000000" classname="catalog.tests.TestModels" name="test_project_is_assigned_level_advanced_on_create" /><testcase time="0.000000" classname="catalog.tests.TestModels" name="test_project_is_assigned_level_beginner_on_create" /><testcase time="0.000000" classname="catalog.tests.TestModels" name="test_project_is_assigned_level_expert_on_create" /></testsuite>